[    0.000000] Initializing cgroup subsys cpuset
[    0.000000] Initializing cgroup subsys cpu
[    0.000000] Initializing cgroup subsys cpuacct
[    0.000000] Linux version 4.4.0-210-generic (buildd@lgw01-amd64-009) (gcc version 5.4.0 20160609 (Ubuntu 5.4.0-6ubuntu1~16.04.12) ) #242-Ubuntu SMP Fri Apr 16 09:57:56 UTC 2021 (Ubuntu 4.4.0-210.242-generic 4.4.262)
[    0.000000] Command line: BOOT_IMAGE=/boot/vmlinuz-4.4.0-210-generic root=LABEL=cloudimg-rootfs ro console=tty1 console=ttyS0
[    0.000000] KERNEL supported cpus:
[    0.000000]   Intel GenuineIntel
[    0.000000]   AMD AuthenticAMD
[    0.000000]   Centaur CentaurHauls
[    0.000000] x86/fpu: xstate_offset[2]:  576, xstate_sizes[2]:  256
[    0.000000] x86/fpu: Supporting XSAVE feature 0x01: 'x87 floating point registers'
[    0.000000] x86/fpu: Supporting XSAVE feature 0x02: 'SSE registers'
[    0.000000] x86/fpu: Supporting XSAVE feature 0x04: 'AVX registers'
[    0.000000] x86/fpu: Enabled xstate features 0x7, context size is 832 bytes, using 'standard' format.
[    0.000000] e820: BIOS-provided physical RAM map:
[    0.000000] BIOS-e820: [mem 0x0000000000000000-0x000000000009fbff] usable
[    0.000000] BIOS-e820: [mem 0x000000000009fc00-0x000000000009ffff] reserved
[    0.000000] BIOS-e820: [mem 0x00000000000f0000-0x00000000000fffff] reserved
[    0.000000] BIOS-e820: [mem 0x0000000000100000-0x00000000dffeffff] usable
[    0.000000] BIOS-e820: [mem 0x00000000dfff0000-0x00000000dfffffff] ACPI data
[    0.000000] BIOS-e820: [mem 0x00000000fec00000-0x00000000fec00fff] reserved
[    0.000000] BIOS-e820: [mem 0x00000000fee00000-0x00000000fee00fff] reserved
[    0.000000] BIOS-e820: [mem 0x00000000fffc0000-0x00000000ffffffff] reserved
[    0.000000] BIOS-e820: [mem 0x0000000100000000-0x000000021fffffff] usable
[    0.000000] NX (Execute Disable) protection: active
[    0.000000] SMBIOS 2.5 present.
[    0.000000] Hypervisor detected: KVM
[    0.000000] e820: last_pfn = 0x220000 max_arch_pfn = 0x400000000
[    0.000000] MTRR: Disabled
[    0.000000] x86/PAT: MTRRs disabled, skipping PAT initialization too.
[    0.000000] CPU MTRRs all blank - virtualized system.
[    0.000000] x86/PAT: Configuration [0-7]: WB  WT  UC- UC  WB  WT  UC- UC  
[    0.000000] e820: last_pfn = 0xdfff0 max_arch_pfn = 0x400000000
[    0.000000] found SMP MP-table at [mem 0x0009fff0-0x0009ffff] mapped at [ffff88000009fff0]
[    0.000000] Scanning 1 areas for low memory corruption
[    0.000000] RAMDISK: [mem 0x362dc000-0x37165fff]
[    0.000000] ACPI: Early table checksum verification disabled
[    0.000000] ACPI: RSDP 0x00000000000E0000 000024 (v02 VBOX  )
[    0.000000] ACPI: XSDT 0x00000000DFFF0030 00003C (v01 VBOX   VBOXXSDT 00000001 ASL  00000061)
[    0.000000] ACPI: FACP 0x00000000DFFF00F0 0000F4 (v04 VBOX   VBOXFACP 00000001 ASL  00000061)
[    0.000000] ACPI: DSDT 0x00000000DFFF0480 002325 (v02 VBOX   VBOXBIOS 00000002 INTL 20190509)
[    0.000000] ACPI: FACS 0x00000000DFFF0200 000040
[    0.000000] ACPI: FACS 0x00000000DFFF0200 000040
[    0.000000] ACPI: APIC 0x00000000DFFF0240 00006C (v02 VBOX   VBOXAPIC 00000001 ASL  00000061)
[    0.000000] ACPI: SSDT 0x00000000DFFF02B0 0001CC (v01 VBOX   VBOXCPUT 00000002 INTL 20190509)
[    0.000000] No NUMA configuration found
[    0.000000] Faking a node at [mem 0x0000000000000000-0x000000021fffffff]
[    0.000000] NODE_DATA(0) allocated [mem 0x21fff5000-0x21fff9fff]
[    0.000000] kvm-clock: Using msrs 4b564d01 and 4b564d00
[    0.000000] kvm-clock: cpu 0, msr 2:1ffed001, primary cpu clock
[    0.000000] kvm-clock: using sched offset of 3276923794 cycles
[    0.000000] clocksource: kvm-clock: mask: 0xffffffffffffffff max_cycles: 0x1cd42e4dffb, max_idle_ns: 881590591483 ns
[    0.000000] Zone ranges:
[    0.000000]   DMA      [mem 0x0000000000001000-0x0000000000ffffff]
[    0.000000]   DMA32    [mem 0x0000000001000000-0x00000000ffffffff]
[    0.000000]   Normal   [mem 0x0000000100000000-0x000000021fffffff]
[    0.000000]   Device   empty
[    0.000000] Movable zone start for each node
[    0.000000] Early memory node ranges
[    0.000000]   node   0: [mem 0x0000000000001000-0x000000000009efff]
[    0.000000]   node   0: [mem 0x0000000000100000-0x00000000dffeffff]
[    0.000000]   node   0: [mem 0x0000000100000000-0x000000021fffffff]
[    0.000000] Initmem setup node 0 [mem 0x0000000000001000-0x000000021fffffff]
[    0.000000] ACPI: PM-Timer IO Port: 0x4008
[    0.000000] IOAPIC[0]: apic_id 4, version 32, address 0xfec00000, GSI 0-23
[    0.000000] ACPI: INT_SRC_OVR (bus 0 bus_irq 0 global_irq 2 dfl dfl)
[    0.000000] ACPI: INT_SRC_OVR (bus 0 bus_irq 9 global_irq 9 low level)
[    0.000000] Using ACPI (MADT) for SMP configuration information
[    0.000000] smpboot: Allowing 4 CPUs, 0 hotplug CPUs
[    0.000000] PM: Registered nosave memory: [mem 0x00000000-0x00000fff]
[    0.000000] PM: Registered nosave memory: [mem 0x0009f000-0x0009ffff]
[    0.000000] PM: Registered nosave memory: [mem 0x000a0000-0x000effff]
[    0.000000] PM: Registered nosave memory: [mem 0x000f0000-0x000fffff]
[    0.000000] PM: Registered nosave memory: [mem 0xdfff0000-0xdfffffff]
[    0.000000] PM: Registered nosave memory: [mem 0xe0000000-0xfebfffff]
[    0.000000] PM: Registered nosave memory: [mem 0xfec00000-0xfec00fff]
[    0.000000] PM: Registered nosave memory: [mem 0xfec01000-0xfedfffff]
[    0.000000] PM: Registered nosave memory: [mem 0xfee00000-0xfee00fff]
[    0.000000] PM: Registered nosave memory: [mem 0xfee01000-0xfffbffff]
[    0.000000] PM: Registered nosave memory: [mem 0xfffc0000-0xffffffff]
[    0.000000] e820: [mem 0xe0000000-0xfebfffff] available for PCI devices
[    0.000000] Booting paravirtualized kernel on KVM
[    0.000000] clocksource: refined-jiffies: mask: 0xffffffff max_cycles: 0xffffffff, max_idle_ns: 7645519600211568 ns
[    0.000000] setup_percpu: NR_CPUS:512 nr_cpumask_bits:512 nr_cpu_ids:4 nr_node_ids:1
[    0.000000] PERCPU: Embedded 33 pages/cpu @ffff88021fc00000 s95192 r8192 d31784 u524288
[    0.000000] Built 1 zonelists in Node order, mobility grouping on.  Total pages: 2064248
[    0.000000] Policy zone: Normal
[    0.000000] Kernel command line: BOOT_IMAGE=/boot/vmlinuz-4.4.0-210-generic root=LABEL=cloudimg-rootfs ro console=tty1 console=ttyS0
[    0.000000] PID hash table entries: 4096 (order: 3, 32768 bytes)
[    0.000000] Memory: 8156800K/8388152K available (8644K kernel code, 1332K rwdata, 4044K rodata, 1492K init, 1164K bss, 231352K reserved, 0K cma-reserved)
[    0.000000] SLUB: HWalign=64, Order=0-3, MinObjects=0, CPUs=4, Nodes=1
[    0.000000] Kernel/User page tables isolation: enabled
[    0.000000] Hierarchical RCU implementation.
[    0.000000] 	Build-time adjustment of leaf fanout to 64.
[    0.000000] 	RCU restricting CPUs from NR_CPUS=512 to nr_cpu_ids=4.
[    0.000000] RCU: Adjusting geometry for rcu_fanout_leaf=64, nr_cpu_ids=4
[    0.000000] NR_IRQS:33024 nr_irqs:456 16
[    0.000000] Console: colour VGA+ 80x25
[    0.000000] console [tty1] enabled
[    0.000000] console [ttyS0] enabled
[    0.000000] tsc: Detected 1190.400 MHz processor
[    0.463626] Calibrating delay loop (skipped) preset value.. 2380.80 BogoMIPS (lpj=4761600)
[    0.465984] pid_max: default: 32768 minimum: 301
[    0.467207] ACPI: Core revision 20150930
[    0.470049] ACPI: 2 ACPI AML tables successfully acquired and loaded
[    0.471888] Security Framework initialized
[    0.472662] Yama: becoming mindful.
[    0.473396] AppArmor: AppArmor initialized
[    0.475669] Dentry cache hash table entries: 1048576 (order: 11, 8388608 bytes)
[    0.486855] Inode-cache hash table entries: 524288 (order: 10, 4194304 bytes)
[    0.490565] Mount-cache hash table entries: 16384 (order: 5, 131072 bytes)
[    0.491796] Mountpoint-cache hash table entries: 16384 (order: 5, 131072 bytes)
[    0.494353] Initializing cgroup subsys io
[    0.495234] Initializing cgroup subsys memory
[    0.496274] Initializing cgroup subsys devices
[    0.497289] Initializing cgroup subsys freezer
[    0.498307] Initializing cgroup subsys net_cls
[    0.499596] Initializing cgroup subsys perf_event
[    0.500800] Initializing cgroup subsys net_prio
[    0.502123] Initializing cgroup subsys hugetlb
[    0.503232] Initializing cgroup subsys pids
[    0.507898] mce: CPU supports 0 MCE banks
[    0.508723] Last level iTLB entries: 4KB 0, 2MB 0, 4MB 0
[    0.509563] Last level dTLB entries: 4KB 0, 2MB 0, 4MB 0, 1GB 0
[    0.510543] Spectre V1 : Mitigation: usercopy/swapgs barriers and __user pointer sanitization
[    0.512338] Spectre V2 : Mitigation: Full generic retpoline
[    0.513408] Spectre V2 : Spectre v2 / SpectreRSB mitigation: Filling RSB on context switch
[    0.514982] Speculative Store Bypass: Vulnerable
[    0.515919] MDS: Mitigation: Clear CPU buffers
[    0.519098] Freeing SMP alternatives memory: 36K
[    0.525452] ftrace: allocating 32380 entries in 127 pages
[    0.586181] smpboot: APIC(0) Converting physical 0 to logical package 0
[    0.587395] smpboot: Max logical packages: 1
[    0.588352] x2apic enabled
[    0.589119] Switched APIC routing to physical x2apic.
[    0.590959] ..TIMER: vector=0x30 apic1=0 pin1=2 apic2=-1 pin2=-1
[    0.700062] smpboot: CPU0: Intel(R) Core(TM) i5-1035G1 CPU @ 1.00GHz (family: 0x6, model: 0x7e, stepping: 0x5)
[    0.702154] Performance Events: unsupported p6 CPU model 126 no PMU driver, software events only.
[    0.713765] KVM setup paravirtual spinlock
[    0.715203] x86: Booting SMP configuration:
[    0.715964] .... node  #0, CPUs:      #1
[    0.716746] kvm-clock: cpu 1, msr 2:1ffed041, secondary cpu clock
[    0.721003] mce: CPU supports 0 MCE banks
[    0.723502]  #2
[    0.723904] kvm-clock: cpu 2, msr 2:1ffed081, secondary cpu clock
[    0.728324] mce: CPU supports 0 MCE banks
[    0.730903]  #3
[    0.731261] kvm-clock: cpu 3, msr 2:1ffed0c1, secondary cpu clock
[    0.735550] mce: CPU supports 0 MCE banks
[    0.737979] x86: Booted up 1 node, 4 CPUs
[    0.738878] smpboot: Total of 4 processors activated (9523.20 BogoMIPS)
[    0.740762] devtmpfs: initialized
[    0.742859] evm: security.selinux
[    0.743675] evm: security.SMACK64
[    0.744502] evm: security.SMACK64EXEC
[    0.745315] evm: security.SMACK64TRANSMUTE
[    0.746275] evm: security.SMACK64MMAP
[    0.747323] evm: security.ima
[    0.748071] evm: security.capability
[    0.749183] clocksource: jiffies: mask: 0xffffffff max_cycles: 0xffffffff, max_idle_ns: 7645041785100000 ns
[    0.751150] futex hash table entries: 1024 (order: 4, 65536 bytes)
[    0.752412] pinctrl core: initialized pinctrl subsystem
[    0.753563] RTC time: 17:16:09, date: 06/17/22
[    0.754791] NET: Registered protocol family 16
[    0.767595] cpuidle: using governor ladder
[    0.779932] cpuidle: using governor menu
[    0.780731] PCCT header not found.
[    0.781538] ACPI: bus type PCI registered
[    0.782310] acpiphp: ACPI Hot Plug PCI Controller Driver version: 0.5
[    0.783555] PCI: Using configuration type 1 for base access
[    0.796557] ACPI: Added _OSI(Module Device)
[    0.797383] ACPI: Added _OSI(Processor Device)
[    0.798209] ACPI: Added _OSI(3.0 _SCP Extensions)
[    0.799065] ACPI: Added _OSI(Processor Aggregator Device)
[    0.800627] ACPI: Executed 1 blocks of module-level executable AML code
[    0.803702] ACPI: Interpreter enabled
[    0.804427] ACPI: (supports S0 S5)
[    0.805103] ACPI: Using IOAPIC for interrupt routing
[    0.806140] PCI: Using host bridge windows from ACPI; if necessary, use "pci=nocrs" and report a bug
[    0.810775] ACPI: PCI Root Bridge [PCI0] (domain 0000 [bus 00-ff])
[    0.811872] acpi PNP0A03:00: _OSC: OS supports [ASPM ClockPM Segments MSI]
[    0.813310] acpi PNP0A03:00: _OSC: not requesting OS control; OS requires [ExtendedConfig ASPM ClockPM MSI]
[    0.815016] acpi PNP0A03:00: fail to add MMCONFIG information, can't access extended PCI configuration space under this bridge.
[    0.825510] PCI host bridge to bus 0000:00
[    0.826287] pci_bus 0000:00: root bus resource [io  0x0000-0x0cf7 window]
[    0.827434] pci_bus 0000:00: root bus resource [io  0x0d00-0xffff window]
[    0.828597] pci_bus 0000:00: root bus resource [mem 0x000a0000-0x000bffff window]
[    0.830000] pci_bus 0000:00: root bus resource [mem 0xe0000000-0xfdffffff window]
[    0.831419] pci_bus 0000:00: root bus resource [bus 00-ff]
[    0.833879] pci 0000:00:01.1: legacy IDE quirk: reg 0x10: [io  0x01f0-0x01f7]
[    0.835102] pci 0000:00:01.1: legacy IDE quirk: reg 0x14: [io  0x03f6]
[    0.836247] pci 0000:00:01.1: legacy IDE quirk: reg 0x18: [io  0x0170-0x0177]
[    0.837428] pci 0000:00:01.1: legacy IDE quirk: reg 0x1c: [io  0x0376]
[    0.912238] pci 0000:00:07.0: quirk: [io  0x4000-0x403f] claimed by PIIX4 ACPI
[    0.913701] pci 0000:00:07.0: quirk: [io  0x4100-0x410f] claimed by PIIX4 SMB
[    0.977814] ACPI: PCI Interrupt Link [LNKA] (IRQs 5 9 10 *11)
[    0.979846] ACPI: PCI Interrupt Link [LNKB] (IRQs 5 9 *10 11)
[    0.981235] ACPI: PCI Interrupt Link [LNKC] (IRQs 5 *9 10 11)
[    0.982613] ACPI: PCI Interrupt Link [LNKD] (IRQs 5 9 10 *11)
[    0.984107] ACPI: Enabled 2 GPEs in block 00 to 07
[    0.985442] vgaarb: setting as boot device: PCI:0000:00:02.0
[    0.986827] vgaarb: device added: PCI:0000:00:02.0,decodes=io+mem,owns=io+mem,locks=none
[    0.988696] vgaarb: loaded
[    0.989373] vgaarb: bridge control possible 0000:00:02.0
[    0.990931] SCSI subsystem initialized
[    0.991958] ACPI: bus type USB registered
[    0.992793] usbcore: registered new interface driver usbfs
[    0.994162] usbcore: registered new interface driver hub
[    0.995699] usbcore: registered new device driver usb
[    0.997002] PCI: Using ACPI for IRQ routing
[    0.998095] NetLabel: Initializing
[    0.998813] NetLabel:  domain hash size = 128
[    0.999750] NetLabel:  protocols = UNLABELED CIPSOv4
[    1.000640] NetLabel:  unlabeled traffic allowed by default
[    1.001690] amd_nb: Cannot enumerate AMD northbridges
[    1.002621] clocksource: Switched to clocksource kvm-clock
[    1.010249] AppArmor: AppArmor Filesystem Enabled
[    1.011412] pnp: PnP ACPI init
[    1.012736] pnp: PnP ACPI: found 3 devices
[    1.021003] clocksource: acpi_pm: mask: 0xffffff max_cycles: 0xffffff, max_idle_ns: 2085701024 ns
[    1.022921] NET: Registered protocol family 2
[    1.024456] TCP established hash table entries: 65536 (order: 7, 524288 bytes)
[    1.025897] TCP bind hash table entries: 65536 (order: 8, 1048576 bytes)
[    1.027141] TCP: Hash tables configured (established 65536 bind 65536)
[    1.029218] UDP hash table entries: 4096 (order: 5, 131072 bytes)
[    1.030888] UDP-Lite hash table entries: 4096 (order: 5, 131072 bytes)
[    1.032049] NET: Registered protocol family 1
[    1.032875] pci 0000:00:00.0: Limiting direct PCI/PCI transfers
[    1.033918] pci 0000:00:01.0: Activating ISA DMA hang workarounds
[    1.035596] Unpacking initramfs...
[    1.267150] Freeing initrd memory: 14888K
[    1.268112] PCI-DMA: Using software bounce buffering for IO (SWIOTLB)
[    1.269117] software IO TLB: mapped [mem 0xdbff0000-0xdfff0000] (64MB)
[    1.270169] clocksource: tsc: mask: 0xffffffffffffffff max_cycles: 0x1128af0325d, max_idle_ns: 440795261011 ns
[    1.271861] platform rtc_cmos: registered platform RTC device (no PNP device found)
[    1.273201] Scanning for low memory corruption every 60 seconds
[    1.274487] audit: initializing netlink subsys (disabled)
[    1.275429] audit: type=2000 audit(1655486174.827:1): initialized
[    1.276574] Initialise system trusted keyring
[    1.277511] HugeTLB registered 2 MB page size, pre-allocated 0 pages
[    1.279569] zbud: loaded
[    1.280604] VFS: Disk quotas dquot_6.6.0
[    1.281341] VFS: Dquot-cache hash table entries: 512 (order 0, 4096 bytes)
[    1.282623] squashfs: version 4.0 (2009/01/31) Phillip Lougher
[    1.284601] fuse init (API version 7.23)
[    1.285576] Key type big_key registered
[    1.286362] Allocating IMA MOK and blacklist keyrings.
[    1.288525] Key type asymmetric registered
[    1.289412] Asymmetric key parser 'x509' registered
[    1.290529] Block layer SCSI generic (bsg) driver version 0.4 loaded (major 249)
[    1.292217] io scheduler noop registered
[    1.292962] io scheduler deadline registered (default)
[    1.293906] io scheduler cfq registered
[    1.294769] pci_hotplug: PCI Hot Plug PCI Core version: 0.5
[    1.295896] pciehp: PCI Express Hot Plug Controller Driver version: 0.4
[    1.297070] ACPI: AC Adapter [AC] (off-line)
[    1.297905] input: Power Button as /devices/LNXSYSTM:00/LNXPWRBN:00/input/input0
[    1.299381] ACPI: Power Button [PWRF]
[    1.300239] input: Sleep Button as /devices/LNXSYSTM:00/LNXSLPBN:00/input/input1
[    1.301619] ACPI: Sleep Button [SLPF]
[    1.302633] GHES: HEST is not enabled!
[    1.303535] ACPI: Battery Slot [BAT0] (battery present)
[    1.304697] Serial: 8250/16550 driver, 32 ports, IRQ sharing enabled
[    1.326271] 00:02: ttyS0 at I/O 0x3f8 (irq = 4, base_baud = 115200) is a 16550A
[    1.329645] Linux agpgart interface v0.103
[    1.332162] loop: module loaded
[    1.333350] scsi host0: ata_piix
[    1.334112] scsi host1: ata_piix
[    1.334784] ata1: PATA max UDMA/33 cmd 0x1f0 ctl 0x3f6 bmdma 0xd000 irq 14
[    1.335854] ata2: PATA max UDMA/33 cmd 0x170 ctl 0x376 bmdma 0xd008 irq 15
[    1.336959] libphy: Fixed MDIO Bus: probed
[    1.337676] tun: Universal TUN/TAP device driver, 1.6
[    1.338479] tun: (C) 1999-2004 Max Krasnyansky <maxk@qualcomm.com>
[    1.339536] PPP generic driver version 2.4.2
[    1.340335] ehci_hcd: USB 2.0 'Enhanced' Host Controller (EHCI) Driver
[    1.341333] ehci-pci: EHCI PCI platform driver
[    1.342089] ehci-platform: EHCI generic platform driver
[    1.342924] ohci_hcd: USB 1.1 'Open' Host Controller (OHCI) Driver
[    1.343900] ohci-pci: OHCI PCI platform driver
[    1.344642] ohci-platform: OHCI generic platform driver
[    1.345475] uhci_hcd: USB Universal Host Controller Interface driver
[    1.346467] i8042: PNP: PS/2 Controller [PNP0303:PS2K,PNP0f03:PS2M] at 0x60,0x64 irq 1,12
[    1.348298] serio: i8042 KBD port at 0x60,0x64 irq 1
[    1.349089] serio: i8042 AUX port at 0x60,0x64 irq 12
[    1.350049] mousedev: PS/2 mouse device common for all mice
[    1.352475] input: AT Translated Set 2 keyboard as /devices/platform/i8042/serio0/input/input2
[    1.354069] rtc_cmos rtc_cmos: rtc core: registered rtc_cmos as rtc0
[    1.355232] rtc_cmos rtc_cmos: alarms up to one day, 114 bytes nvram
[    1.356236] i2c /dev entries driver
[    1.356915] device-mapper: uevent: version 1.0.3
[    1.358040] device-mapper: ioctl: 4.34.0-ioctl (2015-10-28) initialised: dm-devel@redhat.com
[    1.359713] ledtrig-cpu: registered to indicate activity on CPUs
[    1.361069] NET: Registered protocol family 10
[    1.361970] NET: Registered protocol family 17
[    1.362752] Key type dns_resolver registered
[    1.365229] registered taskstats version 1
[    1.366903] Loading compiled-in X.509 certificates
[    1.368651] Loaded X.509 cert 'Build time autogenerated kernel key: cf00e047681d67edb2720680708b7d9498083038'
[    1.371109] zswap: loaded using pool lzo/zbud
[    1.374031] Key type trusted registered
[    1.381508] Key type encrypted registered
[    1.382517] AppArmor: AppArmor sha1 policy hashing enabled
[    1.383830] ima: No TPM chip found, activating TPM-bypass!
[    1.384827] ima: Allocated hash algorithm: sha1
[    1.385804] evm: HMAC attrs: 0x1
[    1.387087]   Magic number: 10:799:289
[    1.387855] tty tty22: hash matches
[    1.388643] rtc_cmos rtc_cmos: setting system clock to 2022-06-17 17:16:09 UTC (1655486169)
[    1.390170] BIOS EDD facility v0.16 2004-Jun-25, 0 devices found
[    1.391162] EDD information not available.
[    1.515229] Freeing unused kernel memory: 1492K
[    1.516111] Write protecting the kernel read-only data: 14336k
[    1.517417] Freeing unused kernel memory: 1584K
[    1.518298] Freeing unused kernel memory: 52K
Loading, please wait...
starting version 229
[    1.529797] random: systemd-udevd: uninitialized urandom read (16 bytes read, 3 bits of entropy available)
[    1.530500] random: udevadm: uninitialized urandom read (16 bytes read, 3 bits of entropy available)
[    1.530526] random: udevadm: uninitialized urandom read (16 bytes read, 3 bits of entropy available)
[    1.535207] random: systemd-udevd: uninitialized urandom read (16 bytes read, 3 bits of entropy available)
[    1.536762] random: systemd-udevd: uninitialized urandom read (16 bytes read, 3 bits of entropy available)
[    1.538290] random: systemd-udevd: uninitialized urandom read (16 bytes read, 3 bits of entropy available)
[    1.540008] random: udevadm: uninitialized urandom read (16 bytes read, 3 bits of entropy available)
[    1.540049] random: udevadm: uninitialized urandom read (16 bytes read, 3 bits of entropy available)
[    1.540256] random: udevadm: uninitialized urandom read (16 bytes read, 3 bits of entropy available)
[    1.540299] random: udevadm: uninitialized urandom read (16 bytes read, 3 bits of entropy available)
[    1.568671] e1000: Intel(R) PRO/1000 Network Driver - version 7.3.21-k8-NAPI
[    1.569813] e1000: Copyright (c) 1999-2006 Intel Corporation.
[    1.570922] Fusion MPT base driver 3.04.20
[    1.571739] Copyright (c) 1999-2008 LSI Corporation
[    1.576089] Fusion MPT SPI Host driver 3.04.20
[    1.581384] mptbase: ioc0: Initiating bringup
[    1.582323] AVX2 version of gcm_enc/dec engaged.
[    1.583198] AES CTR mode by8 optimization enabled
[    2.716957] input: ImExPS/2 Generic Explorer Mouse as /devices/platform/i8042/serio1/input/input4
[    2.731365] ioc0: LSI53C1030 A0: Capabilities={Initiator}
[    6.753486] scsi host2: ioc0: LSI53C1030 A0, FwRev=00000000h, Ports=1, MaxQ=256, IRQ=20
[    9.714363] scsi 2:0:0:0: Direct-Access     VBOX     HARDDISK         1.0  PQ: 0 ANSI: 5
[    9.720422] scsi target2:0:0: Beginning Domain Validation
[    9.724276] scsi target2:0:0: Domain Validation skipping write tests
[    9.725400] scsi target2:0:0: Ending Domain Validation
[    9.726374] scsi target2:0:0: asynchronous
[    9.727600] scsi 2:0:1:0: Direct-Access     VBOX     HARDDISK         1.0  PQ: 0 ANSI: 5
[    9.729083] scsi target2:0:1: Beginning Domain Validation
[    9.730829] scsi target2:0:1: Domain Validation skipping write tests
[    9.731905] scsi target2:0:1: Ending Domain Validation
[    9.732899] scsi target2:0:1: asynchronous
[    9.737890] sd 2:0:0:0: Attached scsi generic sg0 type 0
[    9.737989] sd 2:0:0:0: [sda] 83886080 512-byte logical blocks: (42.9 GB/40.0 GiB)
[    9.738152] sd 2:0:0:0: [sda] Write Protect is off
[    9.738240] sd 2:0:0:0: [sda] Incomplete mode parameter data
[    9.738242] sd 2:0:0:0: [sda] Assuming drive cache: write through
[    9.743795] sd 2:0:1:0: Attached scsi generic sg1 type 0
[    9.743872] sd 2:0:1:0: [sdb] 20480 512-byte logical blocks: (10.5 MB/10.0 MiB)
[    9.744699] sd 2:0:1:0: [sdb] Write Protect is off
[    9.744785] sd 2:0:1:0: [sdb] Incomplete mode parameter data
[    9.744787] sd 2:0:1:0: [sdb] Assuming drive cache: write through
[    9.745829]  sda: sda1
[    9.746562] sd 2:0:0:0: [sda] Attached SCSI disk
[    9.755831] sd 2:0:1:0: [sdb] Attached SCSI disk
[   10.299703] e1000 0000:00:03.0 eth0: (PCI:33MHz:32-bit) 02:be:82:6b:cc:1d
[   10.301204] e1000 0000:00:03.0 eth0: Intel(R) PRO/1000 Network Connection
[   10.959101] e1000 0000:00:08.0 eth1: (PCI:33MHz:32-bit) 08:00:27:12:ff:ae
[   10.960260] e1000 0000:00:08.0 eth1: Intel(R) PRO/1000 Network Connection
[   10.962358] e1000 0000:00:03.0 enp0s3: renamed from eth0
[   10.983457] e1000 0000:00:08.0 enp0s8: renamed from eth1
Begin: Loading essential drivers ... [   12.546422] md: linear personality registered for level -1
[   12.551341] md: multipath personality registered for level -4
[   12.554827] md: raid0 personality registered for level 0
[   12.559082] md: raid1 personality registered for level 1
[   12.630656] raid6: sse2x1   gen() 10779 MB/s
[   12.698715] raid6: sse2x1   xor()  8044 MB/s
[   12.766680] raid6: sse2x2   gen() 15747 MB/s
[   12.834716] raid6: sse2x2   xor() 10816 MB/s
[   12.902673] raid6: sse2x4   gen() 16601 MB/s
[   12.970705] raid6: sse2x4   xor() 10196 MB/s
[   13.038714] raid6: avx2x1   gen() 20142 MB/s
[   13.106688] raid6: avx2x2   gen() 24592 MB/s
[   13.174688] raid6: avx2x4   gen() 26925 MB/s
[   13.175633] raid6: using algorithm avx2x4 gen() 26925 MB/s
[   13.176668] raid6: using avx2x2 recovery algorithm
[   13.179288] xor: automatically using best checksumming function:
[   13.293961]    avx       : 115507.000 MB/sec
[   13.296322] async_tx: api initialized (async)
[   13.305515] md: raid6 personality registered for level 6
[   13.306675] md: raid5 personality registered for level 5
[   13.307715] md: raid4 personality registered for level 4
[   13.314272] md: raid10 personality registered for level 10
done.
Begin: Running /scripts/init-premount ... done.
Begin: Mounting root file system ... Begin: Running /scripts/local-top ... done.
Begin: Running /scripts/local-premount ... [   13.341403] Btrfs loaded
Scanning for Btrfs filesystems
done.
Warning: fsck not present, so skipping root file system
[   13.364351] EXT4-fs (sda1): mounted filesystem with ordered data mode. Opts: (null)
done.
Begin: Running /scripts/local-bottom ... done.
Begin: Running /scripts/init-bottom ... done.
[   13.440067] systemd[1]: systemd 229 running in system mode. (+PAM +AUDIT +SELINUX +IMA +APPARMOR +SMACK +SYSVINIT +UTMP +LIBCRYPTSETUP +GCRYPT +GNUTLS +ACL +XZ -LZ4 +SECCOMP +BLKID +ELFUTILS +KMOD -IDN)
[   13.442830] systemd[1]: Detected virtualization oracle.
[   13.443648] systemd[1]: Detected architecture x86-64.

Welcome to [1mUbuntu 16.04.7 LTS[0m!

[   13.446414] systemd[1]: Set hostname to <ubuntu>.
[   13.448909] systemd[1]: Initializing machine ID from random generator.
[   13.450135] systemd[1]: Installed transient /etc/machine-id file.
[   13.753038] systemd[1]: Listening on Journal Audit Socket.
[[0;32m  OK  [0m] Listening on Journal Audit Socket.
[   13.755151] systemd[1]: Listening on udev Control Socket.
[[0;32m  OK  [0m] Listening on udev Control Socket.
[   13.757225] systemd[1]: Created slice User and Session Slice.
[[0;32m  OK  [0m] Created slice User and Session Slice.
[   13.759225] systemd[1]: Reached target User and Group Name Lookups.
[[0;32m  OK  [0m] Reached target User and Group Name Lookups.
[   13.761670] systemd[1]: Started Forward Password Requests to Wall Directory Watch.
[[0;32m  OK  [0m] Started Forward Password Requests to Wall Directory Watch.
[   13.764596] systemd[1]: Listening on udev Kernel Socket.
[[0;32m  OK  [0m] Listening on udev Kernel Socket.
[   13.767066] systemd[1]: Listening on Device-mapper event daemon FIFOs.
[[0;32m  OK  [0m] Listening on Device-mapper event daemon FIFOs.
[   13.769185] systemd[1]: Listening on LVM2 poll daemon socket.
[[0;32m  OK  [0m] Listening on LVM2 poll daemon socket.
[   13.771166] systemd[1]: Listening on Journal Socket (/dev/log).
[[0;32m  OK  [0m] Listening on Journal Socket (/dev/log).
[   13.773049] systemd[1]: Reached target Swap.
[[0;32m  OK  [0m] Reached target Swap.
[   13.774743] systemd[1]: Listening on Syslog Socket.
[[0;32m  OK  [0m] Listening on Syslog Socket.
[   13.776683] systemd[1]: Created slice System Slice.
[[0;32m  OK  [0m] Created slice System Slice.
[   13.778456] systemd[1]: Reached target Slices.
[[0;32m  OK  [0m] Reached target Slices.
[   13.781745] systemd[1]: Set up automount Arbitrary Executable File Formats File System Automount Point.
[[0;32m  OK  [0m] Set up automount Arbitrary Executab...ats File System Automount Point.
[   13.785077] systemd[1]: Listening on LVM2 metadata daemon socket.
[[0;32m  OK  [0m] Listening on LVM2 metadata daemon socket.
[   13.786979] systemd[1]: Started Trigger resolvconf update for networkd DNS.
[[0;32m  OK  [0m] Started Trigger resolvconf update for networkd DNS.
[   13.788917] systemd[1]: Listening on Journal Socket.
[[0;32m  OK  [0m] Listening on Journal Socket.
[   14.526162] systemd[1]: Starting Nameserver information manager...
         Starting Nameserver information manager...
[   14.534975] systemd[1]: Starting Create list of required static device nodes for the current kernel...
         Starting Create list of required st... nodes for the current kernel...
[   14.543951] systemd[1]: Starting Set console keymap...
         Starting Set console keymap...
[   14.547878] systemd[1]: Mounting Huge Pages File System...
         Mounting Huge Pages File System...
[   14.550761] systemd[1]: Starting Monitoring of LVM2 mirrors, snapshots etc. using dmeventd or progress polling...
         Starting Monitoring of LVM2 mirrors... dmeventd or progress polling...
[   14.555902] systemd[1]: Starting Load Kernel Modules...
         Starting Load Kernel Modules...
[   14.559288] systemd[1]: Starting Uncomplicated firewall...
         Starting Uncomplicated firewall...
[   14.565386] systemd[1]: Starting Journal Service...
         Starting Journal Service...
[   14.570250] systemd[1]: Mounting Debug File System...
[   14.572527] Loading iSCSI transport class v2.0-870.
         Mounting Debug File System...
[   14.575110] systemd[1]: Listening on /dev/initctl Compatibility Named Pipe.
[[0;32m  OK  [0m] Listening on /dev/initctl Compatibility Named Pipe.
[   14.578102] systemd[1]: Reached target System Time Synchronized.
[[0;32m  OK  [0m] Reached target System Time Synchronized.
[   14.581137] systemd[1]: Created slice system-serial\x2dgetty.slice.
[   14.583047] iscsi: registered transport (tcp)
[[0;32m  OK  [0m] Created slice system-serial\x2dgetty.slice.
[   14.585102] systemd[1]: Listening on fsck to fsckd communication Socket.
[[0;32m  OK  [0m] Listening on fsck to fsckd communication Socket.
[   14.591118] systemd[1]: Starting File System Check on Root Device...
         Starting File System Check on Root Device...
[   14.593786] systemd[1]: Reached target Encrypted Volumes.
[[0;32m  OK  [0m] Reached target Encrypted Volumes.
[   14.597283] systemd[1]: Mounting POSIX Message Queue File System...
         Mounting POSIX Message Queue File System...
[   14.604278] systemd[1]: Mounted Huge Pages File System.
[[0;32m  OK  [0m] Mounted Huge Pages File System.
[   14.606722] systemd[1]: Mounted POSIX Message Queue File System.
[[0;32m  OK  [0m] Mounted POSIX Message Queue File System.
[   14.608813] systemd[1]: Mounted Debug File System.
[[0;32m  OK  [0m] Mounted Debug File System.
[   14.614614] systemd[1]: Started Create list of required static device nodes for the current kernel.
[[0;32m  OK  [0m] Started Create list of required sta...ce nodes for the current kernel.
[   14.618809] systemd[1]: Started Set console keymap.
[[   14.620011] random: nonblocking pool is initialized
[0;32m  OK  [0m] Started Set console keymap.
[   14.622481] systemd[1]: Started Uncomplicated firewall.
[[0;32m  OK  [0m] Started Uncomplicated firewall.[   14.624206] iscsi: registered transport (iser)

[   14.625416] systemd[1]: Started File System Check on Root Device.
[[0;32m  OK  [0m] Started File System Check on Root Device.
[   14.627730] systemd[1]: Started Load Kernel Modules.
[[0;32m  OK  [0m] Started Load Kernel Modules.
[   14.631846] systemd[1]: Started Nameserver information manager.
[[0;32m  OK  [0m] Started Nameserver information manager.
[   14.636312] systemd[1]: Started Journal Service.
[[0;32m  OK  [0m] Started Journal Service.
[[0;32m  OK  [0m] Started LVM2 metadata daemon.
[[0;32m  OK  [0m] Started File System Check Daemon to report status.
         Mounting FUSE Control File System...
         Starting Apply Kernel Variables...
         Starting Remount Root and Kernel File Systems...
         Starting Create Static Device Nodes in /dev...
[[0;32m  OK  [0m] Mounted FUSE Control File System.
[   14.653088] EXT4-fs (sda1): re-mounted. Opts: (null)
[[0;32m  OK  [0m] Started Remount Root and Kernel File Systems.
[[0;32m  OK  [0m] Started Apply Kernel Variables.
         Starting udev Coldplug all Devices...
         Starting Flush Journal to Persistent Storage...
         Starting Load/Save Random Seed...
[[0;32m  OK  [0m] Started Create Static Device Nodes in /dev.
         Starting udev Kernel Device Manager...
[[0;32m  OK  [0m] Started Load/Save Random Seed.
[[0;32m  OK  [0m] Started Flush Journal to Persistent Storage.
[[0;32m  OK  [0m] Started udev Kernel Device Manager.
[[0;32m  OK  [0m] Started udev Coldplug all Devices.
[[0;32m  OK  [0m] Started Dispatch Password Requests to Console Directory Watch.
[[0;32m  OK  [0m] Found device /dev/ttyS0.
[[0;32m  OK  [0m] Listening on Load/Save RF Kill Switch Status /dev/rfkill Watch.
[[0;32m  OK  [0m] Started Monitoring of LVM2 mirrors,...ng dmeventd or progress polling.
[[0;32m  OK  [0m] Reached target Local File Systems (Pre).
[[0;32m  OK  [0m] Reached target Local File Systems.
         Starting Create Volatile Files and Directories...
         Starting LSB: AppArmor initialization...
         Starting Tell Plymouth To Write Out Runtime Data...
         Starting Initial cloud-init job (pre-networking)...
         Starting Set console font and keymap...
         Starting Commit a transient machine-id on disk...
[[0;32m  OK  [0m] Started Create Volatile Files and Directories.
[[0;32m  OK  [0m] Started Tell Plymouth To Write Out Runtime Data.
         Starting Update UTMP about System Boot/Shutdown...
[[0;32m  OK  [0m] Started Commit a transient machine-id on disk.
[[0;32m  OK  [0m] Started Update UTMP about System Boot/Shutdown.
[[0;32m  OK  [0m] Started Set console font and keymap.
[[0;32m  OK  [0m] Created slice system-getty.slice.
[[0;32m  OK  [0m] Started LSB: AppArmor initialization.
         Starting Load AppArmor profiles managed internally by snapd...
[[0;32m  OK  [0m] Started Load AppArmor profiles managed internally by snapd.
[   15.727273] cloud-init[646]: Cloud-init v. 21.1-19-gbad84ad4-0ubuntu1~16.04.2 running 'init-local' at Fri, 17 Jun 2022 17:16:24 +0000. Up 15.51 seconds.
[[0;32m  OK  [0m] Started Initial cloud-init job (pre-networking).
[[0;32m  OK  [0m] Reached target Network (Pre).
         Starting Raise network interfaces...
[[0;32m  OK  [0m] Started Raise network interfaces.
[[0;32m  OK  [0m] Reached target Network.
         Starting Initial cloud-init job (metadata service crawler)...
[   16.738693] cloud-init[982]: Cloud-init v. 21.1-19-gbad84ad4-0ubuntu1~16.04.2 running 'init' at Fri, 17 Jun 2022 17:16:24 +0000. Up 16.22 seconds.
[   16.740881] cloud-init[982]: ci-info: ++++++++++++++++++++++++++++++++++++++Net device info+++++++++++++++++++++++++++++++++++++++
[   16.742745] cloud-init[982]: ci-info: +--------+-------+----------------------------+---------------+--------+-------------------+
[   16.744409] cloud-init[982]: ci-info: | Device |   Up  |          Address           |      Mask     | Scope  |     Hw-Address    |
[   16.745813] cloud-init[982]: ci-info: +--------+-------+----------------------------+---------------+--------+-------------------+
[   16.747187] cloud-init[982]: ci-info: | enp0s3 |  True |         10.0.2.15          | 255.255.255.0 | global | 02:be:82:6b:cc:1d |
[   16.748580] cloud-init[982]: ci-info: | enp0s3 |  True | fe80::be:82ff:fe6b:cc1d/64 |       .       |  link  | 02:be:82:6b:cc:1d |
[   16.749836] cloud-init[982]: ci-info: | enp0s8 | False |             .              |       .       |   .    | 08:00:27:12:ff:ae |
[   16.751111] cloud-init[982]: ci-info: |   lo   |  True |         127.0.0.1          |   255.0.0.0   |  host  |         .         |
[   16.752427] cloud-init[982]: ci-info: |   lo   |  True |          ::1/128           |       .       |  host  |         .         |
[   16.753657] cloud-init[982]: ci-info: +--------+-------+----------------------------+---------------+--------+-------------------+
[   16.755586] cloud-init[982]: ci-info: +++++++++++++++++++++++++++Route IPv4 info++++++++++++++++++++++++++++
[   16.757730] cloud-init[982]: ci-info: +-------+-------------+----------+---------------+-----------+-------+
[   16.759819] cloud-init[982]: ci-info: | Route | Destination | Gateway  |    Genmask    | Interface | Flags |
[   16.762035] cloud-init[982]: ci-info: +-------+-------------+----------+---------------+-----------+-------+
[   16.763809] cloud-init[982]: ci-info: |   0   |   0.0.0.0   | 10.0.2.2 |    0.0.0.0    |   enp0s3  |   UG  |
[   16.765275] cloud-init[982]: ci-info: |   1   |   10.0.2.0  | 0.0.0.0  | 255.255.255.0 |   enp0s3  |   U   |
[   16.766444] cloud-init[982]: ci-info: +-------+-------------+----------+---------------+-----------+-------+
[   16.767563] cloud-init[982]: ci-info: +++++++++++++++++++Route IPv6 info+++++++++++++++++++
[   16.768547] cloud-init[982]: ci-info: +-------+-------------+---------+-----------+-------+
[   16.769550] cloud-init[982]: ci-info: | Route | Destination | Gateway | Interface | Flags |
[   16.770493] cloud-init[982]: ci-info: +-------+-------------+---------+-----------+-------+
[   16.771466] cloud-init[982]: ci-info: |   0   |  fe80::/64  |    ::   |   enp0s3  |   U   |
[   16.772914] cloud-init[982]: ci-info: |   3   |   ff00::/8  |    ::   |   enp0s3  |   U   |
[   16.774269] cloud-init[982]: ci-info: +-------+-------------+---------+-----------+-------+
[   16.775424] cloud-init[982]: Generating public/private rsa key pair.
[   16.776445] cloud-init[982]: Your identification has been saved in /etc/ssh/ssh_host_rsa_key.
[   16.777621] cloud-init[982]: Your public key has been saved in /etc/ssh/ssh_host_rsa_key.pub.
[   16.778790] cloud-init[982]: The key fingerprint is:
[   16.779595] cloud-init[982]: SHA256:LWUxIUVGOBDwqbjDkNCUOTwvTwknctNDJQ5p3udirAU root@ubuntu-xenial
[   16.780954] cloud-init[982]: The key's randomart image is:
[   16.781723] cloud-init[982]: +---[RSA 2048]----+
[   16.782479] cloud-init[982]: | .o*+o+o.=O.     |
[   16.783164] cloud-init[982]: |.o&o+o .oo o     |
[   16.783849] cloud-init[982]: |.=.X.oo  .o      |
[   16.784540] cloud-init[982]: |..E.=..  +       |
[   16.785312] cloud-init[982]: |o .*.o  S .      |
[   16.786054] cloud-init[982]: | o .* .  .       |
[   16.786813] cloud-init[982]: |  ++ .           |
[   16.787522] cloud-init[982]: |  ..             |
[   16.788263] cloud-init[982]: |                 |
[   16.788859] cloud-init[982]: +----[SHA256]-----+
[   16.789502] cloud-init[982]: Generating public/private dsa key pair.
[   16.790272] cloud-init[982]: Your identification has been saved in /etc/ssh/ssh_host_dsa_key.
[   16.791480] cloud-init[982]: Your public key has been saved in /etc/ssh/ssh_host_dsa_key.pub.
[   16.792669] cloud-init[982]: The key fingerprint is:
[   16.793604] cloud-init[982]: SHA256:fYFwXfiTi31hw4Lx+SHoNQGo09sqUka1KyF3HFei5L4 root@ubuntu-xenial
[   16.794588] cloud-init[982]: The key's randomart image is:
[   16.795363] cloud-init[982]: +---[DSA 1024]----+
[   16.796024] cloud-init[982]: |        ..o+o+.  |
[   16.796707] cloud-init[982]: |        o*.++.   |
[   16.797361] cloud-init[982]: |        =o= *.+. |
[   16.797930] cloud-init[982]: |     . *.* o O+* |
[   16.798578] cloud-init[982]: |      + S.* oo*o+|
[   16.799233] cloud-init[982]: |       + o.+. o..|
[   16.799867] cloud-init[982]: |      o .E.    . |
[   16.800636] cloud-init[982]: |     . . .       |
[   16.801208] cloud-init[982]: |      . .        |
[   16.808521] cloud-init[982]: +----[SHA256]-----+
[   16.809154] cloud-init[982]: Generating public/private ecdsa key pair.
[   16.809891] cloud-init[982]: Your identification has been saved in /etc/ssh/ssh_host_ecdsa_key.
[   16.810775] cloud-init[982]: Your public key has been saved in /etc/ssh/ssh_host_ecdsa_key.pub.
[   16.811664] cloud-init[982]: The key fingerprint is:
[   16.812267] cloud-init[982]: SHA256:ji3q5gnUGCiyssjldArQXJQoowwanqlpn95A8aBQCdE root@ubuntu-xenial
[   16.813143] cloud-init[982]: The key's randomart image is:
[   16.813751] cloud-init[982]: +---[ECDSA 256]---+
[   16.814364] cloud-init[982]: |o+.+o.           |
[   16.814942] cloud-init[982]: |==E..            |
[   16.815527] cloud-init[982]: |%+*o             |
[   16.816204] cloud-init[982]: |B*.++            |
[   16.816778] cloud-init[982]: |++o+.o  S        |
[   16.817407] cloud-init[982]: |*+* o  +         |
[   16.817990] cloud-init[982]: |+.o+. o o        |
[   16.818551] cloud-init[982]: |   ++o .         |
[   16.819132] cloud-init[982]: |  .==.           |
[   16.819688] cloud-init[982]: +----[SHA256]-----+
[   16.820277] cloud-init[982]: Generating public/private ed25519 key pair.
[   16.821028] cloud-init[982]: Your identification has been saved in /etc/ssh/ssh_host_ed25519_key.
[   16.821963] cloud-init[982]: Your public key has been saved in /etc/ssh/ssh_host_ed25519_key.pub.
[   16.822890] cloud-init[982]: The key fingerprint is:
[   16.823537] cloud-init[982]: SHA256:0MlFkwa35WqSGW4k3wTuwDFHHARvS90BKVhXYXT9dss root@ubuntu-xenial
[   16.824449] cloud-init[982]: The key's randomart image is:
[   16.825056] cloud-init[982]: +--[ED25519 256]--+
[   16.825683] cloud-init[982]: |      +BO+B*B... |
[   16.826304] cloud-init[982]: |     ..OoB+B o  .|
[   16.826963] cloud-init[982]: |      = @o+ o   .|
[   16.827549] cloud-init[982]: |       @ B .    +|
[   16.828156] cloud-init[982]: |        S +   ..o|
[   16.828828] cloud-init[982]: |       . o     E |
[   16.829472] cloud-init[982]: |                 |
[   16.830122] cloud-init[982]: |                 |
[   16.830779] cloud-init[982]: |                 |
[   16.831451] cloud-init[982]: +----[SHA256]-----+
[[0;32m  OK  [0m] Started Initial cloud-init job (metadata service crawler).
[[0;32m  OK  [0m] Reached target System Initialization.
[[0;32m  OK  [0m] Listening on ACPID Listen Socket.
[[0;32m  OK  [0m] Started Daily apt download activities.
[[0;32m  OK  [0m] Started ACPI Events Check.
[[0;32m  OK  [0m] Reached target Paths.
[[0;32m  OK  [0m] Started Daily apt upgrade and clean activities.
         Starting Socket activation for snappy daemon.
[[0;32m  OK  [0m] Started Daily Cleanup of Temporary Directories.
[[0;32m  OK  [0m] Started Message of the Day.
[[0;32m  OK  [0m] Listening on UUID daemon activation socket.
[[0;32m  OK  [0m] Listening on D-Bus System Message Bus Socket.
         Starting LXD - unix socket.
[[0;32m  OK  [0m] Started Ubuntu Advantage update messaging.
[[0;32m  OK  [0m] Reached target Timers.
[[0;32m  OK  [0m] Reached target Network is Online.
         Starting iSCSI initiator daemon (iscsid)...
[[0;32m  OK  [0m] Reached target Cloud-config availability.
[[0;32m  OK  [0m] Listening on Socket activation for snappy daemon.
[[0;32m  OK  [0m] Listening on LXD - unix socket.
[[0;32m  OK  [0m] Reached target Sockets.
[[0;32m  OK  [0m] Reached target Basic System.
         Starting LXD - container startup/shutdown...
[[0;32m  OK  [0m] Started FUSE filesystem for LXC.
[[0;32m  OK  [0m] Started Regular background program processing daemon.
         Starting Accounts Service...
[[0;32m  OK  [0m] Started D-Bus System Message Bus.
         Starting Login Service...
[[0;32m  OK  [0m] Started ACPI event daemon.
         Starting System Logging Service...
         Starting Virtualbox guest utils...
         Starting Pollinate to seed the pseudo random number generator...
         Starting LSB: Record successful boot for GRUB...
[[0;32m  OK  [0m] Started Deferred execution scheduler.
         Starting LSB: MD monitoring daemon...
         Starting /etc/rc.local Compatibility...
         Starting Snap Daemon...
[[0;32m  OK  [0m] Started /etc/rc.local Compatibility.
[[0;32m  OK  [0m] Started iSCSI initiator daemon (iscsid).
[[0;32m  OK  [0m] Started System Logging Service.
         Starting Authenticate and Authorize Users to Run Privileged Tasks...
         Starting Login to default iSCSI targets...
[[0;32m  OK  [0m] Started Login Service.
[[0;32m  OK  [0m] Started Unattended Upgrades Shutdown.
[[0;32m  OK  [0m] Started LSB: Record successful boot for GRUB.
[[0;32m  OK  [0m] Started LSB: MD monitoring daemon.
[[0;32m  OK  [0m] Started LXD - container startup/shutdown.
[[0;32m  OK  [0m] Started Login to default iSCSI targets.
[[0;32m  OK  [0m] Started Authenticate and Authorize Users to Run Privileged Tasks.
[[0;32m  OK  [0m] Reached target Remote File Systems (Pre).
[[0;32m  OK  [0m] Reached target Remote File Systems.
         Starting Permit User Sessions...
         Starting LSB: automatic crash report generation...
         Starting LSB: daemon to balance interrupts for SMP systems...
         Starting LSB: Set the CPU Frequency Scaling governor to "ondemand"...
[[0;32m  OK  [0m] Started Permit User Sessions.
[[0;32m  OK  [0m] Started Accounts Service.
         Starting Hold until boot process finishes up...
         Starting Terminate Plymouth Boot Screen...
[[0;32m  OK  [0m] Started Virtualbox guest utils.
[[0;32m  OK  [0m] Started Hold until boot process finishes up.
[[0;32m  OK  [0m] Started Serial Getty on ttyS0.
         Starting Set console scheme...
[[0;32m  OK  [0m] Started Getty on tty1.
[[0;32m  OK  [0m] Reached target Login Prompts.
[[0;32m  OK  [0m] Started LSB: Set the CPU Frequency Scaling governor to "ondemand".
[[0;32m  OK  [0m] Started Terminate Plymouth Boot Screen.
[[0;32m  OK  [0m] Started LSB: automatic crash report generation.
[[0;32m  OK  [0m] Started Set console scheme.
[[0;32m  OK  [0m] Started LSB: daemon to balance interrupts for SMP systems.
[[0;32m  OK  [0m] Started Snap Daemon.
         Starting Wait until snapd is fully seeded...
[[0;32m  OK  [0m] Started Pollinate to seed the pseudo random number generator.
         Starting OpenBSD Secure Shell server...
[[0;32m  OK  [0m] Started OpenBSD Secure Shell server.
[[0;32m  OK  [0m] Started Wait until snapd is fully seeded.
         Starting Apply the settings specified in cloud-config...
[[0;32m  OK  [0m] Reached target Multi-User System.
[[0;32m  OK  [0m] Reached target Graphical Interface.
         Starting Update UTMP about System Runlevel Changes...
[[0;32m  OK  [0m] Started Update UTMP about System Runlevel Changes.
[   18.594319] cloud-init[1323]: Generating locales (this might take a while)...
[[0;32m  OK  [0m] Created slice User Slice of vagrant.
         Starting User Manager for UID 1000...
[[0;32m  OK  [0m] Started Session 1 of user vagrant.
[[0;32m  OK  [0m] Started User Manager for UID 1000.
[   19.153547] cloud-init[1323]:   en_US.UTF-8... done
[   19.154486] cloud-init[1323]: Generation complete.
[   19.487633] cloud-init[1323]: Cloud-init v. 21.1-19-gbad84ad4-0ubuntu1~16.04.2 running 'modules:config' at Fri, 17 Jun 2022 17:16:27 +0000. Up 18.52 seconds.
[[0;32m  OK  [0m] Started Apply the settings specified in cloud-config.
         Starting Execute cloud user/final scripts...
ci-info: no authorized SSH keys fingerprints found for user ubuntu.
<14>Jun 17 17:16:28 ec2: 
<14>Jun 17 17:16:28 ec2: #############################################################
<14>Jun 17 17:16:28 ec2: -----BEGIN SSH HOST KEY FINGERPRINTS-----
<14>Jun 17 17:16:28 ec2: 1024 SHA256:fYFwXfiTi31hw4Lx+SHoNQGo09sqUka1KyF3HFei5L4 root@ubuntu-xenial (DSA)
<14>Jun 17 17:16:28 ec2: 256 SHA256:ji3q5gnUGCiyssjldArQXJQoowwanqlpn95A8aBQCdE root@ubuntu-xenial (ECDSA)
<14>Jun 17 17:16:28 ec2: 256 SHA256:0MlFkwa35WqSGW4k3wTuwDFHHARvS90BKVhXYXT9dss root@ubuntu-xenial (ED25519)
<14>Jun 17 17:16:28 ec2: 2048 SHA256:LWUxIUVGOBDwqbjDkNCUOTwvTwknctNDJQ5p3udirAU root@ubuntu-xenial (RSA)
<14>Jun 17 17:16:28 ec2: -----END SSH HOST KEY FINGERPRINTS-----
<14>Jun 17 17:16:28 ec2: #############################################################
-----BEGIN SSH HOST KEY KEYS-----
ecdsa-sha2-nistp256 AAAAE2VjZHNhLXNoYTItbmlzdHAyNTYAAAAIbmlzdHAyNTYAAABBBHe4nPOCucMPV/PwYPD0kaPeU94wmUZuwtYltz5vlZgVXxFCHbueTqmrukdWw9QfAgbPw6AucEwHdcCNAjUCFUU= root@ubuntu-xenial
ssh-ed25519 AAAAC3NzaC1lZDI1NTE5AAAAIETBdRlLohou5dpOpwLwsSfULGehI1FFKBM28VGaE48m root@ubuntu-xenial
ssh-rsa AAAAB3NzaC1yc2EAAAADAQABAAABAQDg9o2qbM9PMYqw74lxzcOnGal4jQh9wTtYJp4jRA6xDwKIX+5vngg5DM6WxznuFBfSiQXz1k9gKi/GZCdW7zE1Mf3175JB6ZHSCdwEIZYk/EdrA8NWqb0/4EN+H/n3Lfk2Tnf/TEbOY3Toownq6++Qp6fU4E2c2lRheSXaxJguZmzNZEkx9mUXukxdS793u/+LJvOxq9Y4miZewaJFh0QjZZ9HRmyqA1C0VbuobIiQOARcBHzvI+JQQV0PnIDJFwp1r2xRpFrq1hJxS1+UNFGXlMWkrKL450g+zqe3WXGJkFEtNzSXPKm626dNa7u042/0BJR+zae6KajDDAOglrEz root@ubuntu-xenial
-----END SSH HOST KEY KEYS-----
[   20.202764] cloud-init[1491]: Cloud-init v. 21.1-19-gbad84ad4-0ubuntu1~16.04.2 running 'modules:final' at Fri, 17 Jun 2022 17:16:28 +0000. Up 20.00 seconds.
[   20.204307] cloud-init[1491]: ci-info: no authorized SSH keys fingerprints found for user ubuntu.
[   20.205338] cloud-init[1491]: Cloud-init v. 21.1-19-gbad84ad4-0ubuntu1~16.04.2 finished at Fri, 17 Jun 2022 17:16:28 +0000. Datasource DataSourceNoCloud [seed=/dev/sdb][dsmode=net].  Up 20.19 seconds
[[0;32m  OK  [0m] Started Execute cloud user/final scripts.
[[0;32m  OK  [0m] Reached target Cloud-init target.

Ubuntu 16.04.7 LTS ubuntu-xenial ttyS0

ubuntu-xenial login: 